apiVersion: monitoring.coreos.com/v1
kind: PrometheusRule
metadata:
  labels:
    app.kubernetes.io/instance: mimir
    app.kubernetes.io/managed-by: Helm
    app.kubernetes.io/name: mimir
    app.kubernetes.io/version: 2.14.0
    helm.sh/chart: mimir-distributed-5.5.1
  name: mimir-prometheus-rule
  namespace: syn-mimir
spec:
  groups: []
