apiVersion: v1
kind: Service
metadata:
  annotations: {}
  labels:
    app.kubernetes.io/component: store-gateway
    app.kubernetes.io/instance: mimir
    app.kubernetes.io/managed-by: Helm
    app.kubernetes.io/name: mimir
    app.kubernetes.io/part-of: memberlist
    app.kubernetes.io/version: 2.14.0
    helm.sh/chart: mimir-distributed-5.5.1
    name: store-gateway-zone-a
    rollout-group: store-gateway
    zone: zone-a
  name: mimir-store-gateway-zone-a
  namespace: syn-mimir
spec:
  ports:
    - name: http-metrics
      port: 8080
      protocol: TCP
      targetPort: http-metrics
    - name: grpc
      port: 9095
      protocol: TCP
      targetPort: grpc
  selector:
    app.kubernetes.io/component: store-gateway
    app.kubernetes.io/instance: mimir
    app.kubernetes.io/name: mimir
    rollout-group: store-gateway
    zone: zone-a
  type: ClusterIP
---
apiVersion: v1
kind: Service
metadata:
  annotations: {}
  labels:
    app.kubernetes.io/component: store-gateway
    app.kubernetes.io/instance: mimir
    app.kubernetes.io/managed-by: Helm
    app.kubernetes.io/name: mimir
    app.kubernetes.io/part-of: memberlist
    app.kubernetes.io/version: 2.14.0
    helm.sh/chart: mimir-distributed-5.5.1
    name: store-gateway-zone-b
    rollout-group: store-gateway
    zone: zone-b
  name: mimir-store-gateway-zone-b
  namespace: syn-mimir
spec:
  ports:
    - name: http-metrics
      port: 8080
      protocol: TCP
      targetPort: http-metrics
    - name: grpc
      port: 9095
      protocol: TCP
      targetPort: grpc
  selector:
    app.kubernetes.io/component: store-gateway
    app.kubernetes.io/instance: mimir
    app.kubernetes.io/name: mimir
    rollout-group: store-gateway
    zone: zone-b
  type: ClusterIP
---
apiVersion: v1
kind: Service
metadata:
  annotations: {}
  labels:
    app.kubernetes.io/component: store-gateway
    app.kubernetes.io/instance: mimir
    app.kubernetes.io/managed-by: Helm
    app.kubernetes.io/name: mimir
    app.kubernetes.io/part-of: memberlist
    app.kubernetes.io/version: 2.14.0
    helm.sh/chart: mimir-distributed-5.5.1
    name: store-gateway-zone-c
    rollout-group: store-gateway
    zone: zone-c
  name: mimir-store-gateway-zone-c
  namespace: syn-mimir
spec:
  ports:
    - name: http-metrics
      port: 8080
      protocol: TCP
      targetPort: http-metrics
    - name: grpc
      port: 9095
      protocol: TCP
      targetPort: grpc
  selector:
    app.kubernetes.io/component: store-gateway
    app.kubernetes.io/instance: mimir
    app.kubernetes.io/name: mimir
    rollout-group: store-gateway
    zone: zone-c
  type: ClusterIP
