apiVersion: policy/v1beta1
kind: PodSecurityPolicy
metadata:
  labels:
    app.kubernetes.io/instance: mimir
    app.kubernetes.io/managed-by: Helm
    app.kubernetes.io/name: mimir
    app.kubernetes.io/version: 2.2.0
    helm.sh/chart: mimir-distributed-3.0.0
  name: mimir
  namespace: syn-mimir
spec:
  allowPrivilegeEscalation: false
  fsGroup:
    ranges:
      - max: 65535
        min: 1
    rule: MustRunAs
  hostIPC: false
  hostNetwork: false
  hostPID: false
  privileged: false
  readOnlyRootFilesystem: true
  requiredDropCapabilities:
    - ALL
  runAsUser:
    rule: MustRunAsNonRoot
  seLinux:
    rule: RunAsAny
  supplementalGroups:
    ranges:
      - max: 65535
        min: 1
    rule: MustRunAs
  volumes:
    - configMap
    - emptyDir
    - persistentVolumeClaim
    - secret
