apiVersion: rbac.authorization.k8s.io/v1
kind: RoleBinding
metadata:
  labels:
    app.kubernetes.io/instance: mimir
    app.kubernetes.io/managed-by: Helm
    app.kubernetes.io/name: mimir
    app.kubernetes.io/version: 2.2.0
    helm.sh/chart: mimir-distributed-3.0.0
  name: mimir
  namespace: syn-mimir
roleRef:
  apiGroup: rbac.authorization.k8s.io
  kind: Role
  name: mimir
subjects:
  - kind: ServiceAccount
    name: mimir
