apiVersion: v1
data:
  runtime.yaml: '

    {}

    '
kind: ConfigMap
metadata:
  labels:
    app.kubernetes.io/instance: mimir
    app.kubernetes.io/managed-by: Helm
    app.kubernetes.io/name: mimir
    app.kubernetes.io/version: 2.4.0
    helm.sh/chart: mimir-distributed-3.3.0
  name: mimir-runtime
  namespace: syn-mimir
