apiVersion: apps/v1
kind: StatefulSet
metadata:
  annotations: {}
  labels:
    app.kubernetes.io/component: memcached
    app.kubernetes.io/instance: mimir
    app.kubernetes.io/managed-by: Helm
    app.kubernetes.io/name: mimir
    app.kubernetes.io/version: 2.7.1
    helm.sh/chart: mimir-distributed-4.3.0
  name: mimir-metadata-cache
  namespace: syn-mimir
spec:
  podManagementPolicy: Parallel
  replicas: 1
  selector:
    matchLabels:
      app.kubernetes.io/component: metadata-cache
      app.kubernetes.io/instance: mimir
      app.kubernetes.io/name: mimir
  serviceName: mimir-metadata-cache
  template:
    metadata:
      annotations:
        bucketSecretVersion: '0'
      labels:
        app.kubernetes.io/component: metadata-cache
        app.kubernetes.io/instance: mimir
        app.kubernetes.io/managed-by: Helm
        app.kubernetes.io/name: mimir
        app.kubernetes.io/version: 2.7.1
        helm.sh/chart: mimir-distributed-4.3.0
    spec:
      affinity: {}
      containers:
        - args:
            - -m 512
            - -o
            - modern
            - -I 1m
            - -c 16384
            - -v
            - -u 11211
          env: null
          envFrom:
            - secretRef:
                name: mimir-bucket-secret
          image: memcached:1.6.17-alpine
          imagePullPolicy: IfNotPresent
          name: memcached
          ports:
            - containerPort: 11211
              name: client
          resources:
            limits:
              memory: 614Mi
            requests:
              cpu: 500m
              memory: 614Mi
          securityContext:
            allowPrivilegeEscalation: false
            capabilities:
              drop:
                - ALL
            readOnlyRootFilesystem: true
        - args:
            - --memcached.address=localhost:11211
            - --web.listen-address=0.0.0.0:9150
          image: prom/memcached-exporter:v0.6.0
          imagePullPolicy: IfNotPresent
          name: exporter
          ports:
            - containerPort: 9150
              name: http-metrics
          resources:
            limits: {}
            requests: {}
          securityContext:
            allowPrivilegeEscalation: false
            capabilities:
              drop:
                - ALL
            readOnlyRootFilesystem: true
      initContainers: []
      nodeSelector: {}
      securityContext:
        fsGroup: 10001
        runAsGroup: 10001
        runAsNonRoot: true
        runAsUser: 10001
        seccompProfile:
          type: RuntimeDefault
      serviceAccountName: mimir
      terminationGracePeriodSeconds: 60
      tolerations: []
      topologySpreadConstraints: null
  updateStrategy:
    type: RollingUpdate
