apiVersion: v1
kind: ServiceAccount
metadata:
  labels:
    app.kubernetes.io/instance: mimir
    app.kubernetes.io/managed-by: Helm
    app.kubernetes.io/name: rollout-operator
    app.kubernetes.io/version: v0.19.1
    helm.sh/chart: rollout-operator-0.18.0
  name: mimir-rollout-operator
