apiVersion: policy/v1
kind: PodDisruptionBudget
metadata:
  labels:
    app.kubernetes.io/component: store-gateway
    app.kubernetes.io/instance: mimir
    app.kubernetes.io/managed-by: Helm
    app.kubernetes.io/name: mimir
    app.kubernetes.io/part-of: memberlist
    app.kubernetes.io/version: 2.2.0
    helm.sh/chart: mimir-distributed-3.0.0
  name: mimir-store-gateway
  namespace: syn-mimir
spec:
  maxUnavailable: 1
  selector:
    matchLabels:
      app.kubernetes.io/component: store-gateway
      app.kubernetes.io/instance: mimir
      app.kubernetes.io/name: mimir
