apiVersion: v1
data:
  alertmanager_fallback_config.yaml: |
    receivers:
        - name: default-receiver
    route:
        receiver: default-receiver
kind: ConfigMap
metadata:
  annotations: {}
  labels:
    app.kubernetes.io/component: alertmanager
    app.kubernetes.io/instance: mimir
    app.kubernetes.io/managed-by: Helm
    app.kubernetes.io/name: mimir
    app.kubernetes.io/part-of: memberlist
    app.kubernetes.io/version: 2.14.0
    helm.sh/chart: mimir-distributed-5.5.1
  name: mimir-alertmanager-fallback-config
  namespace: syn-mimir
