apiVersion: v1
kind: Service
metadata:
  annotations: {}
  labels:
    app.kubernetes.io/component: nginx
    app.kubernetes.io/instance: mimir
    app.kubernetes.io/managed-by: Helm
    app.kubernetes.io/name: mimir
    app.kubernetes.io/version: 2.2.0
    helm.sh/chart: mimir-distributed-3.0.0
  name: mimir-nginx
  namespace: syn-mimir
spec:
  ports:
    - name: http-metric
      port: 80
      protocol: TCP
      targetPort: http-metric
  selector:
    app.kubernetes.io/component: nginx
    app.kubernetes.io/instance: mimir
    app.kubernetes.io/name: mimir
  type: ClusterIP
