apiVersion: monitoring.coreos.com/v1
kind: PrometheusRule
metadata:
  annotations: {}
  labels:
    name: mimir-custom
  name: mimir-custom
  namespace: syn-mimir
spec:
  groups: []
