apiVersion: apps/v1
kind: Deployment
metadata:
  annotations: {}
  labels:
    app.kubernetes.io/component: ruler
    app.kubernetes.io/instance: mimir
    app.kubernetes.io/managed-by: Helm
    app.kubernetes.io/name: mimir
    app.kubernetes.io/part-of: memberlist
    app.kubernetes.io/version: 2.7.1
    helm.sh/chart: mimir-distributed-4.3.0
  name: mimir-ruler
  namespace: syn-mimir
spec:
  replicas: 2
  selector:
    matchLabels:
      app.kubernetes.io/component: ruler
      app.kubernetes.io/instance: mimir
      app.kubernetes.io/name: mimir
  strategy:
    rollingUpdate:
      maxSurge: 50%
      maxUnavailable: 0
    type: RollingUpdate
  template:
    metadata:
      annotations:
        bucketSecretVersion: '0'
        checksum/config: 6c6481e85996c18964e926efa4714f8a0730c55921d824719ba3f616ce18dc35
      labels:
        app.kubernetes.io/component: ruler
        app.kubernetes.io/instance: mimir
        app.kubernetes.io/managed-by: Helm
        app.kubernetes.io/name: mimir
        app.kubernetes.io/part-of: memberlist
        app.kubernetes.io/version: 2.7.1
        helm.sh/chart: mimir-distributed-4.3.0
      namespace: syn-mimir
    spec:
      affinity: {}
      containers:
        - args:
            - -target=ruler
            - -config.expand-env=true
            - -config.file=/etc/mimir/mimir.yaml
          env: null
          envFrom:
            - secretRef:
                name: mimir-bucket-secret
          image: grafana/mimir:2.7.1
          imagePullPolicy: IfNotPresent
          livenessProbe: null
          name: ruler
          ports:
            - containerPort: 8080
              name: http-metrics
              protocol: TCP
            - containerPort: 9095
              name: grpc
              protocol: TCP
            - containerPort: 7946
              name: memberlist
              protocol: TCP
          readinessProbe:
            httpGet:
              path: /ready
              port: http-metrics
            initialDelaySeconds: 45
          resources:
            limits:
              memory: 2.8Gi
            requests:
              cpu: 1
              memory: 2Gi
          securityContext:
            allowPrivilegeEscalation: false
            capabilities:
              drop:
                - ALL
            readOnlyRootFilesystem: true
          volumeMounts:
            - mountPath: /etc/mimir
              name: config
            - mountPath: /var/mimir
              name: runtime-config
            - mountPath: /data
              name: storage
              subPath: null
            - mountPath: /active-query-tracker
              name: active-queries
      initContainers: []
      nodeSelector: {}
      securityContext:
        fsGroup: 10001
        runAsGroup: 10001
        runAsNonRoot: true
        runAsUser: 10001
        seccompProfile:
          type: RuntimeDefault
      serviceAccountName: mimir
      terminationGracePeriodSeconds: 180
      tolerations: []
      topologySpreadConstraints:
        - labelSelector:
            matchLabels:
              app.kubernetes.io/component: ruler
              app.kubernetes.io/instance: mimir
              app.kubernetes.io/name: mimir
          maxSkew: 1
          topologyKey: kubernetes.io/hostname
          whenUnsatisfiable: ScheduleAnyway
      volumes:
        - configMap:
            items:
              - key: mimir.yaml
                path: mimir.yaml
            name: mimir-config
          name: config
        - configMap:
            name: mimir-runtime
          name: runtime-config
        - emptyDir: {}
          name: storage
        - emptyDir: {}
          name: active-queries
