apiVersion: apps/v1
kind: Deployment
metadata:
  annotations: {}
  labels:
    app.kubernetes.io/component: overrides-exporter
    app.kubernetes.io/instance: mimir
    app.kubernetes.io/managed-by: Helm
    app.kubernetes.io/name: mimir
    app.kubernetes.io/version: 2.14.0
    helm.sh/chart: mimir-distributed-5.5.1
  name: mimir-overrides-exporter
  namespace: syn-mimir
spec:
  replicas: 1
  selector:
    matchLabels:
      app.kubernetes.io/component: overrides-exporter
      app.kubernetes.io/instance: mimir
      app.kubernetes.io/name: mimir
  strategy:
    rollingUpdate:
      maxSurge: 15%
      maxUnavailable: 0
    type: RollingUpdate
  template:
    metadata:
      annotations:
        bucketSecretVersion: '0'
        checksum/config: 04492c1d15f87bfb6a050a79bf38f71b54bcf0d5885a41298f2daf173b2cbf79
      labels:
        app.kubernetes.io/component: overrides-exporter
        app.kubernetes.io/instance: mimir
        app.kubernetes.io/managed-by: Helm
        app.kubernetes.io/name: mimir
        app.kubernetes.io/version: 2.14.0
        helm.sh/chart: mimir-distributed-5.5.1
      namespace: syn-mimir
    spec:
      containers:
        - args:
            - -target=overrides-exporter
            - -config.expand-env=true
            - -config.file=/etc/mimir/mimir.yaml
          envFrom:
            - secretRef:
                name: mimir-bucket-secret
          image: grafana/mimir:2.14.0
          imagePullPolicy: IfNotPresent
          livenessProbe:
            httpGet:
              path: /ready
              port: http-metrics
            initialDelaySeconds: 45
          name: overrides-exporter
          ports:
            - containerPort: 8080
              name: http-metrics
              protocol: TCP
            - containerPort: 9095
              name: grpc
              protocol: TCP
          readinessProbe:
            httpGet:
              path: /ready
              port: http-metrics
            initialDelaySeconds: 45
          resources:
            limits:
              memory: 128Mi
            requests:
              cpu: 100m
              memory: 128Mi
          securityContext:
            allowPrivilegeEscalation: false
            capabilities:
              drop:
                - ALL
            readOnlyRootFilesystem: true
          volumeMounts:
            - mountPath: /etc/mimir
              name: config
            - mountPath: /var/mimir
              name: runtime-config
            - mountPath: /data
              name: storage
            - mountPath: /active-query-tracker
              name: active-queries
      securityContext:
        fsGroup: 10001
        runAsGroup: 10001
        runAsNonRoot: true
        runAsUser: 10001
        seccompProfile:
          type: RuntimeDefault
      serviceAccountName: mimir
      terminationGracePeriodSeconds: 30
      volumes:
        - configMap:
            items:
              - key: mimir.yaml
                path: mimir.yaml
            name: mimir-config
          name: config
        - configMap:
            name: mimir-runtime
          name: runtime-config
        - emptyDir: {}
          name: storage
        - emptyDir: {}
          name: active-queries
