apiVersion: policy/v1
kind: PodDisruptionBudget
metadata:
  labels:
    app.kubernetes.io/component: overrides-exporter
    app.kubernetes.io/instance: mimir
    app.kubernetes.io/managed-by: Helm
    app.kubernetes.io/name: mimir
    app.kubernetes.io/version: 2.14.0
    helm.sh/chart: mimir-distributed-5.5.1
  name: mimir-overrides-exporter
  namespace: syn-mimir
spec:
  maxUnavailable: 1
  selector:
    matchLabels:
      app.kubernetes.io/component: overrides-exporter
      app.kubernetes.io/instance: mimir
      app.kubernetes.io/name: mimir
