apiVersion: v1
data: {}
kind: Secret
metadata:
  annotations: {}
  labels:
    name: mimir-bucket-secret
  name: mimir-bucket-secret
  namespace: syn-mimir
stringData:
  S3_ACCESS_KEY_ID: null
  S3_ENDPOINT: null
  S3_SECRET_ACCESS_KEY: null
type: Opaque
