apiVersion: v1
kind: Service
metadata:
  annotations: {}
  labels:
    app.kubernetes.io/component: overrides-exporter
    app.kubernetes.io/instance: mimir
    app.kubernetes.io/managed-by: Helm
    app.kubernetes.io/name: mimir
    app.kubernetes.io/version: 2.14.0
    helm.sh/chart: mimir-distributed-5.5.1
  name: mimir-overrides-exporter
  namespace: syn-mimir
spec:
  ports:
    - name: http-metrics
      port: 8080
      protocol: TCP
      targetPort: http-metrics
    - name: grpc
      port: 9095
      protocol: TCP
      targetPort: grpc
  selector:
    app.kubernetes.io/component: overrides-exporter
    app.kubernetes.io/instance: mimir
    app.kubernetes.io/name: mimir
  type: ClusterIP
