apiVersion: monitoring.coreos.com/v1
kind: ServiceMonitor
metadata:
  labels:
    app.kubernetes.io/component: query-frontend
    app.kubernetes.io/instance: mimir
    app.kubernetes.io/managed-by: Helm
    app.kubernetes.io/name: mimir
    app.kubernetes.io/version: 2.7.1
    helm.sh/chart: mimir-distributed-4.3.0
  name: mimir-query-frontend
  namespace: syn-mimir
spec:
  endpoints:
    - port: http-metrics
      relabelings:
        - replacement: syn-mimir/query-frontend
          sourceLabels:
            - job
          targetLabel: job
        - replacement: mimir
          targetLabel: cluster
      scheme: http
  namespaceSelector:
    matchNames:
      - syn-mimir
  selector:
    matchExpressions:
      - key: prometheus.io/service-monitor
        operator: NotIn
        values:
          - 'false'
    matchLabels:
      app.kubernetes.io/component: query-frontend
      app.kubernetes.io/instance: mimir
      app.kubernetes.io/name: mimir
